[     311ms] [ERROR] Failed to load resource: net::ERR_CONNECTION_REFUSED @ http://localhost:5000/vocabulary?lang=swedish:0
[     311ms] [WARNING] Vocabulary fetch failed TypeError: Failed to fetch
    at http://localhost:8821/language/language.js:1:49512
    at http://localhost:8821/language/language.js:1:49880
    at http://localhost:8821/language/language.js:1:54725 @ http://localhost:8821/language/log-buffer.js?v=23ad327574:0
[     606ms] [WARNING] Failed to execute 'postMessage' on 'DOMWindow': The target origin provided ('https://www.youtube.com') does not match the recipient window's origin ('http://localhost:8821'). @ https://www.youtube.com/s/player/9b33d56a/www-widgetapi.vflset/www-widgetapi.js:162
[    1984ms] [ERROR] Failed to load resource: the server responded with a status of 404 () @ https://raw.githubusercontent.com/trexsatya/trexsatya.github.io/gh-pages/db/language/swedish/srts/Delicious%20and%20easy%20recipes%20%7C%7C%20Chicken%20drumsticks%20recipe%20!%20Chicken%20recipe%20easiest%20and%20tastiest%20delicious%20recipe%20!%20%23100%20%7C%7C%20wq_iedgvdyY.en.srt:0
[    5310ms] [ERROR] Failed to load resource: net::ERR_CONNECTION_REFUSED @ http://localhost:5000/vocabulary?lang=swedish:0
[    5310ms] TypeError: Failed to fetch
    at http://localhost:8821/language/language.js:1:137197
[    5455ms] [ERROR] Failed to load resource: the server responded with a status of 404 () @ https://raw.githubusercontent.com/trexsatya/trexsatya.github.io/gh-pages/db/language/swedish/srts/Henrik%20J%C3%B6nsson%20%7C%7C%20Statliga%20klimatsatsningar%20skadar%20samh%C3%A4llet_%20den%20Gr%C3%B6na%20Planek%20%7C%7C%20LstW-DN5TLI.en.srt:0
[    5814ms] [ERROR] Failed to load resource: the server responded with a status of 404 () @ https://raw.githubusercontent.com/trexsatya/trexsatya.github.io/gh-pages/db/language/swedish/srts/Prime%20Crime%20%7C%7C%20VILLA%20BESKJUTEN%20I%20JORDBRO%20_%20HELA%20R%C3%84TTEG%C3%85NGEN%20%7C%7C%20Id-Nw8PVV3k.en.srt:0
[    7131ms] [ERROR] Failed to load resource: the server responded with a status of 404 () @ https://raw.githubusercontent.com/trexsatya/trexsatya.github.io/gh-pages/db/language/swedish/srts/LaxTon%20Ghost%20Sweden%20%7C%7C%20SP%C3%96KJAKT%20-%20HENSBACKA%20HERRG%C3%85RD%20%7C%7C%20NPY_K4rfDsg.en.srt:0
[   10312ms] [ERROR] Failed to load resource: net::ERR_CONNECTION_REFUSED @ http://localhost:5000/vocabulary?lang=swedish:0
[   10312ms] TypeError: Failed to fetch
    at http://localhost:8821/language/language.js:1:137197
[   10785ms] [ERROR] Failed to load resource: the server responded with a status of 404 () @ https://raw.githubusercontent.com/trexsatya/trexsatya.github.io/gh-pages/db/language/swedish/srts/Svenska%20med%20Kalle%20%7C%7C%20Infl%C3%B6de%20%C3%A4r%20viktigt%20-%20Att%20lyssna%20och%20l%C3%A4sa%20-%20Vara%20uppm%C3%A4rksam%20och%20notera%20-%20Tankar%20och%20tips%20-%20Svenska%20%7C%7C%20HKLLIUhiSjM.sv.srt:0
[   14105ms] [ERROR] Failed to load resource: the server responded with a status of 404 () @ https://raw.githubusercontent.com/trexsatya/trexsatya.github.io/gh-pages/db/language/swedish/srts/%EC%97%B0%ED%95%A9%EB%89%B4%EC%8A%A4TV%20%7C%7C%20%5B%ED%8A%B9%EB%B3%B4_%EC%83%9D%EC%A4%91%EA%B3%84%5D%20%ED%95%9C%EA%B0%95%2C%20%ED%95%9C%EA%B5%AD%EC%9D%B8%20%EC%B5%9C%EC%B4%88%20%EB%85%B8%EB%B2%A8%20%EB%AC%B8%ED%95%99%EC%83%81%20%EC%88%98%EC%83%81%E2%80%A6%ED%95%9C%EA%B5%AD%EC%9D%B8%20%EC%B5%9C%EC%B4%88%C2%B7%EC%95%84%EC%8B%9C%EC%95%84%20%EC%97%AC%EC%84%B1%20%EC%B5%9C%EC%B4%88%20'%EC%98%81%EC%98%88'%20_%20_%ED%95%9C%EA%B0%95%20%EC%9E%91%ED%92%88%20%7C%7C%20aDIG78H3qys.en.srt:0
[   14146ms] [ERROR] Failed to load resource: the server responded with a status of 404 () @ https://raw.githubusercontent.com/trexsatya/trexsatya.github.io/gh-pages/db/language/swedish/srts/Henrik%20J%C3%B6nsson%20%7C%7C%20Vad%20har%20H%C3%84NT%20med%20Sveriges%20F%C3%96RSVAR%20%7C%7C%20DQuo0PBeAhg.en.srt:0
[   14164ms] [ERROR] Failed to load resource: the server responded with a status of 404 () @ https://raw.githubusercontent.com/trexsatya/trexsatya.github.io/gh-pages/db/language/swedish/srts/EFN%20Ekonomikanalen%20%7C%7C%2025.%20%C3%84r%20Argentina%20undantaget%20som%20bekr%C3%A4ftar%20regeln%20%7C%7C%20Cu4oB-J-yXY.en.srt:0
[   14215ms] [ERROR] Failed to load resource: the server responded with a status of 404 () @ https://raw.githubusercontent.com/trexsatya/trexsatya.github.io/gh-pages/db/language/swedish/srts/JLC%20%7C%7C%20TONE%20SP%C3%85RAR%20UR.%20PARADISE%20HOTEL%20DEL%204.%20%7C%7C%20D5O3HbyUSxY.en.srt:0
[   14505ms] [ERROR] Failed to load resource: the server responded with a status of 404 () @ https://raw.githubusercontent.com/trexsatya/trexsatya.github.io/gh-pages/db/language/swedish/srts/Henrik%20J%C3%B6nsson%20%7C%7C%20HATET%20mot%20TRUMP%20%7C%7C%20JWM0EtR7pkw.en.srt:0
[   14565ms] [ERROR] Failed to load resource: the server responded with a status of 404 () @ https://raw.githubusercontent.com/trexsatya/trexsatya.github.io/gh-pages/db/language/swedish/srts/Riks%20%7C%7C%20Hur%20ska%20man%20k%C3%A4mpa%20mot%20islamiseringen_%20%E2%80%93%20Richard%20Jomshof%20(SD)%20%7C%7C%20cx15SMXrkQI.en.srt:0
[   14735ms] [ERROR] Failed to load resource: the server responded with a status of 404 () @ https://raw.githubusercontent.com/trexsatya/trexsatya.github.io/gh-pages/db/language/swedish/srts/Mirabell%20%7C%7C%20INGEN%20KOMMER%20UNDAN%20-%20EMIL%20RENMARKER%20%2350%20%7C%7C%20JtxjdX1qOYQ.en.srt:0
[   15312ms] [ERROR] Failed to load resource: net::ERR_CONNECTION_REFUSED @ http://localhost:5000/vocabulary?lang=swedish:0
[   15312ms] TypeError: Failed to fetch
    at http://localhost:8821/language/language.js:1:137197
[   15434ms] [ERROR] Failed to load resource: the server responded with a status of 404 () @ https://raw.githubusercontent.com/trexsatya/trexsatya.github.io/gh-pages/db/language/swedish/srts/Riks%20%7C%7C%20Rikstrion_%20%C3%84r%20v%C3%A4st%20b%C3%A4st%20%7C%7C%208Q-oc7t1AXk.en.srt:0
[   16015ms] [ERROR] Failed to load resource: the server responded with a status of 404 () @ https://raw.githubusercontent.com/trexsatya/trexsatya.github.io/gh-pages/db/language/swedish/srts/Riks%20%7C%7C%20Henrik%20J%C3%B6nsson%20%26%20Aron%20Flam_%20Vem%20var%20Charlie%20Kirk%20egentligen%20%7C%7C%20Ud-N2FIJEUg.en.srt:0
[   16164ms] [ERROR] Failed to load resource: the server responded with a status of 404 () @ https://raw.githubusercontent.com/trexsatya/trexsatya.github.io/gh-pages/db/language/swedish/srts/therese%20lindgren%20%7C%7C%20Tr%C3%A5kiga%20nyheter%20om%20huset...%20_scammade%20%7C%7C%20vugw4-LrbZo.en.srt:0
[   16228ms] [ERROR] Failed to load resource: the server responded with a status of 404 () @ https://raw.githubusercontent.com/trexsatya/trexsatya.github.io/gh-pages/db/language/swedish/srts/ANJO%20%7C%7C%20REAGERAR%20P%C3%85%20SVT%20_HATET_%20DEL%202%20SEKTEN!%20%7C%7C%206C0FX5tA9QQ.en.srt:0
[   16445ms] [ERROR] Failed to load resource: the server responded with a status of 404 () @ https://raw.githubusercontent.com/trexsatya/trexsatya.github.io/gh-pages/db/language/swedish/srts/Prime%20Crime%20%7C%7C%2022-%C3%85RING%20V%C3%84RVADE%20F%C3%96R%C3%84LDRAL%C3%96S%2014-%C3%85RING%20ATT%20UTF%C3%96RA%20MORD%20_%20SKJU%20%7C%7C%20Ch18q6WYmSo.en.srt:0
[   16475ms] [ERROR] Failed to load resource: the server responded with a status of 404 () @ https://raw.githubusercontent.com/trexsatya/trexsatya.github.io/gh-pages/db/language/swedish/srts/Anis%20Don%20Demina%20%7C%7C%20TRUE%20LOVE_%20DET%20H%C3%84R%20SP%C3%85RAR%20UR%20HELT%20_VI%20AVLIDER%20%7C%7C%20r6cCx35-9qg.en.srt:0
[   16545ms] [ERROR] Failed to load resource: the server responded with a status of 404 () @ https://raw.githubusercontent.com/trexsatya/trexsatya.github.io/gh-pages/db/language/swedish/srts/De%20Fria%20%7C%7C%20Att%20S%C3%A4ga%20Hej%20F%C3%B6r%20Att%20S%C3%A4ga%20Adj%C3%B6%20-%20Carl%20Norberg%202024-09-09%20%7C%7C%202rVtTSwFD_s.en.srt:0
[   16863ms] [ERROR] Failed to load resource: the server responded with a status of 404 () @ https://raw.githubusercontent.com/trexsatya/trexsatya.github.io/gh-pages/db/language/swedish/srts/Alex%20Ceesay%20%7C%7C%20VARF%C3%96R%20ELLIE%20L%C3%84MNAT%20MIG%E2%80%A6.%20%7C%7C%20WD9wjinXKOA.en.srt:0
[   16883ms] [ERROR] Failed to load resource: the server responded with a status of 404 () @ https://raw.githubusercontent.com/trexsatya/trexsatya.github.io/gh-pages/db/language/swedish/srts/Ljudbok%20Klubb%20%7C%7C%20ROBINSON%20CRUSOE%20ljudbok%20p%C3%A5%20svenska%20%7C%7C%20gNEPIZ4nHBY.en.srt:0
[   16948ms] [ERROR] Failed to load resource: the server responded with a status of 404 () @ https://raw.githubusercontent.com/trexsatya/trexsatya.github.io/gh-pages/db/language/swedish/srts/EFN%20Ekonomikanalen%20%7C%7C%20Det%20larmas%20om%20aktieknarkande%20unga%2C%20Den%20svenska%20zynden%20sk%C3%B6lje%20%7C%7C%20b1vnCoQ71lE.en.srt:0
[   17315ms] [ERROR] Failed to load resource: the server responded with a status of 404 () @ https://raw.githubusercontent.com/trexsatya/trexsatya.github.io/gh-pages/db/language/swedish/srts/SeaFun%20%7C%7C%20Kryssning%20med%20Birka%20Gotland%20p%C3%A5%20en%20m%C3%A5ndag%20%7C%7C%20rBpRD5RlvZc.en.srt:0
[   17774ms] [ERROR] Failed to load resource: the server responded with a status of 404 () @ https://raw.githubusercontent.com/trexsatya/trexsatya.github.io/gh-pages/db/language/swedish/srts/EFN%20Ekonomikanalen%20%7C%7C%20Trendigast%20p%C3%A5%20krogen%20just%20nu_%20Pengadysmorfofobi%20%7C%7C%20inGBbsyhZo0.en.srt:0
[   17783ms] [ERROR] Failed to load resource: the server responded with a status of 404 () @ https://raw.githubusercontent.com/trexsatya/trexsatya.github.io/gh-pages/db/language/swedish/srts/Henrik%20J%C3%B6nsson%20%7C%7C%20S%C3%A5%20skyddar%20SVT%20v%C3%A4nsterns%20extremism%20%7C%7C%20g5BXkPVh6_I.en.srt:0
[   17914ms] [ERROR] Failed to load resource: the server responded with a status of 404 () @ https://raw.githubusercontent.com/trexsatya/trexsatya.github.io/gh-pages/db/language/swedish/srts/Anders%20p%C3%A5%20landet%20%7C%7C%20Dubbelmordet%20vid%20Lund%201802%20%E2%80%93%20och%20avr%C3%A4ttningarna%20%7C%7C%20mF7UeQecios.en.srt:0
[   18014ms] [ERROR] Failed to load resource: the server responded with a status of 404 () @ https://raw.githubusercontent.com/trexsatya/trexsatya.github.io/gh-pages/db/language/swedish/srts/Anders%20p%C3%A5%20landet%20%7C%7C%20Elda%20med%20ved%20dyrare%20%C3%A4n%20el%20%7C%7C%20TwNYE8QIWIc.en.srt:0
[   18165ms] [ERROR] Failed to load resource: the server responded with a status of 404 () @ https://raw.githubusercontent.com/trexsatya/trexsatya.github.io/gh-pages/db/language/swedish/srts/Motorn%C3%B6rd%20%7C%7C%20Allt%20%C3%A4r%20gjort%20med%20enkla%20verktyg_%20_%20ELMIA%202024%20-%20DEL%201%20%7C%7C%20Mc4QjdilH3k.en.srt:0
[   18534ms] [ERROR] Failed to load resource: the server responded with a status of 404 () @ https://raw.githubusercontent.com/trexsatya/trexsatya.github.io/gh-pages/db/language/swedish/srts/Motorn%C3%B6rd%20%7C%7C%20Eventuellt%20till%20salu!%20%7C%7C%20waLU6YRKAu4.en.srt:0
[   18615ms] [ERROR] Failed to load resource: the server responded with a status of 404 () @ https://raw.githubusercontent.com/trexsatya/trexsatya.github.io/gh-pages/db/language/swedish/srts/Malou%20Efter%20Tio%20%7C%7C%20Kim%20har%20en%20tum%C3%B6r%20i%20ansiktet%20som%20v%C3%A4xer%20okontrollerat_%20_B%C3%A4ttre%20%7C%7C%20H-wrw4x03yU.en.srt:0
[   18923ms] [ERROR] Failed to load resource: the server responded with a status of 404 () @ https://raw.githubusercontent.com/trexsatya/trexsatya.github.io/gh-pages/db/language/swedish/srts/Anis%20Don%20Demina%20%7C%7C%20HISTORIEN%20OM_%20SVERIGES%20ST%C3%96RSTA%20BEDR%C3%84GERI%20_TRUSTORH%C3%84RVAN%20%7C%7C%20Cq7RpCX1qqU.en.srt:0
[   19033ms] [ERROR] Failed to load resource: the server responded with a status of 404 () @ https://raw.githubusercontent.com/trexsatya/trexsatya.github.io/gh-pages/db/language/swedish/srts/ANJO%20%7C%7C%20SAMTAL%20MED%20JOAKIM%20LUNDELL%20OM%20SVT%20%26%20R%C3%84TTEG%C3%85NGEN!%20_LIVE%20%7C%7C%20De3PJjijjv0.en.srt:0
[   19043ms] [ERROR] Failed to load resource: the server responded with a status of 404 () @ https://raw.githubusercontent.com/trexsatya/trexsatya.github.io/gh-pages/db/language/swedish/srts/Motorn%C3%B6rd%20%7C%7C%20%E2%80%9CHinner%20vi%20bygga%20klart%20ALLT%20p%C3%A5%20Restoration%20Show_!%20%F0%9F%98%B3%20(Diesel%20%7C%7C%20WdC17cGg0A8.en.srt:0
[   19415ms] [ERROR] Failed to load resource: the server responded with a status of 404 () @ https://raw.githubusercontent.com/trexsatya/trexsatya.github.io/gh-pages/db/language/swedish/srts/Henrik%20J%C3%B6nsson%20%7C%7C%20STRIDEN%20OM%20(S)T%C3%85LARNA%20-%20S%C3%A5%20s%C3%A4tter%20(S)%20makten%20f%C3%B6re%20demokratin%20%7C%7C%20EGPrvE43aLU.en.srt:0
[   19416ms] [ERROR] Failed to load resource: the server responded with a status of 404 () @ https://raw.githubusercontent.com/trexsatya/trexsatya.github.io/gh-pages/db/language/swedish/srts/ANJO%20%7C%7C%20VAD%20HAR%20JAG%20F%C3%96R%20NYTT%20P%C3%85%20CHRIPPA_%20_LIVE%20Q%26A%20%7C%7C%20d6BHnH3s6NA.en.srt:0
[   19944ms] [ERROR] Failed to load resource: the server responded with a status of 404 () @ https://raw.githubusercontent.com/trexsatya/trexsatya.github.io/gh-pages/db/language/swedish/srts/Duno%20%7C%7C%20Hur%20jag%20startade%20ett%20mysterium%20p%C3%A5%2090gQ...%20%7C%7C%20TsvNN0a31JM.en.srt:0
[   20185ms] [ERROR] Failed to load resource: the server responded with a status of 404 () @ https://raw.githubusercontent.com/trexsatya/trexsatya.github.io/gh-pages/db/language/swedish/srts/Emil%20Hansius%20%7C%7C%20LEVER%20EN%20DAG%20SOM%20MILIT%C3%84R%20%7C%7C%20J8vXQ_XgNiI.en.srt:0
[   20185ms] [ERROR] Failed to load resource: the server responded with a status of 404 () @ https://raw.githubusercontent.com/trexsatya/trexsatya.github.io/gh-pages/db/language/swedish/srts/Henrik%20J%C3%B6nsson%20%7C%7C%20SVT%20och%20SANNINGEN%20%7C%7C%20msl5McMv0po.en.srt:0
[   20313ms] [ERROR] Failed to load resource: net::ERR_CONNECTION_REFUSED @ http://localhost:5000/vocabulary?lang=swedish:0
[   20313ms] TypeError: Failed to fetch
    at http://localhost:8821/language/language.js:1:137197
[   20578ms] [ERROR] Failed to load resource: the server responded with a status of 404 () @ https://raw.githubusercontent.com/trexsatya/trexsatya.github.io/gh-pages/db/language/swedish/srts/Cluee%20News%20%7C%7C%20%232%2C%20BAKOM%20RUBRIKERNA%20%2C%20%E2%80%9DNICK%20ALINIA%20ANKLAGAS%20F%C3%96R%20H%C3%96GEREXTREM%20%7C%7C%20x5LR5WyQN3c.en.srt:0
[   20604ms] [ERROR] Failed to load resource: the server responded with a status of 404 () @ https://raw.githubusercontent.com/trexsatya/trexsatya.github.io/gh-pages/db/language/swedish/srts/IJustWantToBeCool2%20%7C%7C%20MAFFIA%20I%20ETT%20F%C3%84NGELSE%20%7C%7C%20NUqXnLNdR0w.en.srt:0
[   20844ms] [ERROR] Failed to load resource: the server responded with a status of 404 () @ https://raw.githubusercontent.com/trexsatya/trexsatya.github.io/gh-pages/db/language/swedish/srts/Ljudbok%20Klubb%20%7C%7C%20ONDSKAN%20_%20The%20Evil%20ljudbok%20p%C3%A5%20svenska%20%7C%7C%20gzIbfgrdMLY.en.srt:0
[   22323ms] [ERROR] Failed to load resource: the server responded with a status of 404 () @ https://raw.githubusercontent.com/trexsatya/trexsatya.github.io/gh-pages/db/language/swedish/srts/kanalgratisdotse%20%7C%7C%20DREAM%20FISHING%20%E2%80%93%20Biggest%20Pike%20in%20a%20Rainbow%20Trout%20Waters%20%7C%7C%20BYXuF9-Q_fM.en.srt:0
[   22435ms] [ERROR] Failed to load resource: the server responded with a status of 404 () @ https://raw.githubusercontent.com/trexsatya/trexsatya.github.io/gh-pages/db/language/swedish/srts/Aftonbladet%20%7C%7C%20Krigsrapporten%204%20januari_%20Upptrappning%20av%20ryska%20attacker%20%7C%7C%20Yck5XlE1Qzg.en.srt:0
[   22454ms] [ERROR] Failed to load resource: the server responded with a status of 404 () @ https://raw.githubusercontent.com/trexsatya/trexsatya.github.io/gh-pages/db/language/swedish/srts/Max%20Villman%20%7C%7C%20Han%20%C3%A4r%20Domare%20och%20Reservofficer%20i%20Flygvapnet%20%7C%7C%20a9camGM0X1E.en.srt:0
[   22605ms] [ERROR] Failed to load resource: the server responded with a status of 404 () @ https://raw.githubusercontent.com/trexsatya/trexsatya.github.io/gh-pages/db/language/swedish/srts/Prime%20Crime%20%7C%7C%20MORDET%20P%C3%85%2012-%C3%85RIGA%20ADRIANA%20_%20HELA%20HOVR%C3%84TTSF%C3%96RHANDLINGEN%20%7C%7C%20Nx0wTYH4O1E.en.srt:0
[   22825ms] [ERROR] Failed to load resource: the server responded with a status of 404 () @ https://raw.githubusercontent.com/trexsatya/trexsatya.github.io/gh-pages/db/language/swedish/srts/EFN%20Ekonomikanalen%20%7C%7C%2093.%20Oljan%20s%C3%A4nker%20b%C3%B6rsg%C3%A5sen%20%7C%7C%20Qy_QEEoMqRU.en.srt:0
[   22983ms] [ERROR] Failed to load resource: the server responded with a status of 404 () @ https://raw.githubusercontent.com/trexsatya/trexsatya.github.io/gh-pages/db/language/swedish/srts/Konstiga%20Familjen%20%7C%7C%20VI%20G%C3%85R%20P%C3%85%20HUSVISNING%20%7C%7C%20xAbHQv3Ae_g.en.srt:0
[   23007ms] [ERROR] Failed to load resource: the server responded with a status of 404 () @ https://raw.githubusercontent.com/trexsatya/trexsatya.github.io/gh-pages/db/language/swedish/srts/Anis%20Don%20Demina%20%7C%7C%20V%C3%85RA%20ST%C3%96RSTA%20ICKS%20P%C3%85%20TJEJER%20_%20D%C3%85%20%C3%84R%20VI%20IG%C3%85NG%20%7C%7C%20vMgzPEBMhEA.en.srt:0
[   23064ms] [ERROR] Failed to load resource: the server responded with a status of 404 () @ https://raw.githubusercontent.com/trexsatya/trexsatya.github.io/gh-pages/db/language/swedish/srts/EFN%20Ekonomikanalen%20%7C%7C%20D%C3%A4rf%C3%B6r%20kommer%20Evolutions%20aktie%20%C3%B6ka%2030%20procent%20%7C%7C%20FBdBvmEk0tE.en.srt:0
[   23393ms] [ERROR] Failed to load resource: the server responded with a status of 404 () @ https://raw.githubusercontent.com/trexsatya/trexsatya.github.io/gh-pages/db/language/swedish/srts/Prime%20Crime%20%7C%7C%20VOLVO%20ANST%C3%84LLDA%20D%C3%96MS%20F%C3%96R%20GROVT%20NARKOTIKABROTT%20_%20DEL%201_2%20%7C%7C%20y0HeNIKaUSI.en.srt:0
[   23784ms] [ERROR] Failed to load resource: the server responded with a status of 404 () @ https://raw.githubusercontent.com/trexsatya/trexsatya.github.io/gh-pages/db/language/swedish/srts/Riks%20%7C%7C%20Morgong%C3%A4nget_%20Fler%20ska%20utvisas%20p%C3%A5%20grund%20av%20bristande%20vandel%20%7C%7C%20aGfwFSHv-FQ.en.srt:0
[   23816ms] [ERROR] Failed to load resource: the server responded with a status of 404 () @ https://raw.githubusercontent.com/trexsatya/trexsatya.github.io/gh-pages/db/language/swedish/srts/Nicke%20Nyfiken%20%7C%7C%20Nicke%20driver%20en%20godisaff%C3%A4r%20_%20Nicke%20Nyfiken%20_%20Tecknad%20Film%20f%C3%B6%20%7C%7C%20yU5vw9Q4FXU.en.srt:0
[   24075ms] [ERROR] Failed to load resource: the server responded with a status of 404 () @ https://raw.githubusercontent.com/trexsatya/trexsatya.github.io/gh-pages/db/language/swedish/srts/Alexander%20P%C3%A4rleros%20%7C%7C%20Sanningen%20bakom%20Allra-Skandalen%20-%20Alexander%20Ernstberger%20%7C%7C%20npHWC3k_y1o.en.srt:0
[   24086ms] [ERROR] Failed to load resource: the server responded with a status of 404 () @ https://raw.githubusercontent.com/trexsatya/trexsatya.github.io/gh-pages/db/language/swedish/srts/Studio%20Padel%20%7C%7C%20STUDIO%20PADEL%20CENTER%20COURT%20PREVIA%20-%20Areco%20Malm%C3%B6%20Padel%20Open%2020%20%7C%7C%20JNAecOr6W0I.en.srt:0
[   24193ms] [ERROR] Failed to load resource: the server responded with a status of 404 () @ https://raw.githubusercontent.com/trexsatya/trexsatya.github.io/gh-pages/db/language/swedish/srts/Henrik%20J%C3%B6nsson%20%7C%7C%20G%C3%84NGV%C3%85LDSLISTAN%202024%20-%20Svenska%20mordkaoset%20SKENAR%20%7C%7C%20wZ0Hhof684c.en.srt:0
[   24245ms] [ERROR] Failed to load resource: the server responded with a status of 404 () @ https://raw.githubusercontent.com/trexsatya/trexsatya.github.io/gh-pages/db/language/swedish/srts/Ljudbok%20Klubb%20%7C%7C%20RICH%20DAD%2C%20POOR%20DAD%20ljudbok%20p%C3%A5%20svenska%20%7C%7C%20DiewC_BcwTI.en.srt:0
[   24283ms] [ERROR] Failed to load resource: the server responded with a status of 404 () @ https://raw.githubusercontent.com/trexsatya/trexsatya.github.io/gh-pages/db/language/swedish/srts/DiaLogiskt%20%7C%7C%20%23250%2C%20Alexander%20Ernstberger%2C%20%E2%80%9DSTATEN%20VS%20ALLRA%E2%80%9D%20%7C%7C%20qhj_kj2Yc98.en.srt:0
[   24904ms] [ERROR] Failed to load resource: the server responded with a status of 404 () @ https://raw.githubusercontent.com/trexsatya/trexsatya.github.io/gh-pages/db/language/swedish/srts/Aftonbladet%20%7C%7C%20Krigsrapporten%2012%20september_%20Rysslands%20r%C3%B6daste%20linje%20%7C%7C%20GZLBhGJznAM.en.srt:0
[   25124ms] [ERROR] Failed to load resource: the server responded with a status of 404 () @ https://raw.githubusercontent.com/trexsatya/trexsatya.github.io/gh-pages/db/language/swedish/srts/JLC%20%7C%7C%20HON%20F%C3%85R%20EN%20PINNE.%20BACHELORETTE%20DEL%203.%20%7C%7C%20ySN6Qw9FoYk.en.srt:0
[   25310ms] [ERROR] Failed to load resource: net::ERR_CONNECTION_REFUSED @ http://localhost:5000/vocabulary?lang=swedish:0
[   25310ms] TypeError: Failed to fetch
    at http://localhost:8821/language/language.js:1:137197
[   25504ms] [ERROR] Failed to load resource: the server responded with a status of 404 () @ https://raw.githubusercontent.com/trexsatya/trexsatya.github.io/gh-pages/db/language/swedish/srts/JLC%20%7C%7C%20PANDORAS%20ASK!%20PARADISE%20HOTEL.%20%7C%7C%20e4do0ncoeXc.en.srt:0
[   26004ms] [ERROR] Failed to load resource: the server responded with a status of 404 () @ https://raw.githubusercontent.com/trexsatya/trexsatya.github.io/gh-pages/db/language/swedish/srts/eyong52%20%7C%7C%20Ber%C3%A4ttelsen%20om%20Jesus%20f%C3%B6r%20barn%20-%20Svenska_Ruotsi%20spr%C3%A5k%20The%20Sto%20%7C%7C%208f4cZIEtktk.en.srt:0
[   26014ms] [ERROR] Failed to load resource: the server responded with a status of 404 () @ https://raw.githubusercontent.com/trexsatya/trexsatya.github.io/gh-pages/db/language/swedish/srts/%D0%9E%D0%B4%D0%B5%D1%81%D0%B0.%20LIVE%20%7C%7C%20%F0%9F%94%A5%D0%97%D0%95%D0%9B%D0%95%D0%9D%D0%A1%D0%9A%D0%98%D0%99%20%D0%92%D0%AB%D0%A1%D0%A2%D0%A3%D0%9F%D0%90%D0%95%D0%A2!%20%D0%9F%D1%80%D0%B5%D0%B7%D0%B8%D0%B4%D0%B5%D0%BD%D1%82%20%D0%A3%D0%BA%D1%80%D0%B0%D0%B8%D0%BD%D1%8B%20%D0%BD%D0%B0%20%D1%81%D0%B0%D0%BC%D0%BC%D0%B8%D1%82%D0%B5%20%D0%BF%D0%BE%20%D0%9A%D0%A0%D0%AB%D0%9C%D0%A3%20%7C%7C%20S9seSTF31QI.en.srt:0
[   26283ms] [ERROR] Failed to load resource: the server responded with a status of 404 () @ https://raw.githubusercontent.com/trexsatya/trexsatya.github.io/gh-pages/db/language/swedish/srts/CHRIPPA%20%7C%7C%20CHRIPPA%20JAG%20ORKAR%20INTE%20MER%20_LACKAR%20UR%20%7C%7C%20glkOkqMNABg.en.srt:0
[   26444ms] [ERROR] Failed to load resource: the server responded with a status of 404 () @ https://raw.githubusercontent.com/trexsatya/trexsatya.github.io/gh-pages/db/language/swedish/srts/Prime%20Video%20Sverige%20%7C%7C%20Kl%C3%A4m%20och%20k%C3%A4nn%20med%20farbror%20Barbro%20-%20LOL_%20Skrattar%20B%C3%A4st%20Som%20Sk%20%7C%7C%20ieEs-xnqWIU.en.srt:0
[   26566ms] [ERROR] Failed to load resource: the server responded with a status of 404 () @ https://raw.githubusercontent.com/trexsatya/trexsatya.github.io/gh-pages/db/language/swedish/srts/SVT%20Humor%20%7C%7C%20Svenska%20nyheter%20om%20tillst%C3%A5ndet%20sexsomni%20som%20friar%20v%C3%A5ldt%C3%A4ktsm%20%7C%7C%20dTbeaLdX-P8.en.srt:0
[   26674ms] [ERROR] Failed to load resource: the server responded with a status of 404 () @ https://raw.githubusercontent.com/trexsatya/trexsatya.github.io/gh-pages/db/language/swedish/srts/Gordon%20Dewoon%20%7C%7C%20BES%C3%96KER%201-STJ%C3%84RNIGA%20BADHUS%20%7C%7C%20ayUTzHNJfGs.en.srt:0
[   26895ms] [ERROR] Failed to load resource: the server responded with a status of 404 () @ https://raw.githubusercontent.com/trexsatya/trexsatya.github.io/gh-pages/db/language/swedish/srts/EFN%20Ekonomikanalen%20%7C%7C%20EFN%20direkt%20och%20B%C3%B6rslunch%205%20april%20%7C%7C%20GqhxJz3BB0g.en.srt:0
[   27046ms] [ERROR] Failed to load resource: the server responded with a status of 404 () @ https://raw.githubusercontent.com/trexsatya/trexsatya.github.io/gh-pages/db/language/swedish/srts/Konstiga%20Familjen%20%7C%7C%20SKA%20VI%20FLYTTA%20TILL%20L%C3%84GENHET%20%7C%7C%20PFddmqB_C8k.en.srt:0
[   27354ms] [ERROR] Failed to load resource: the server responded with a status of 404 () @ https://raw.githubusercontent.com/trexsatya/trexsatya.github.io/gh-pages/db/language/swedish/srts/Familjen%20Lundell%20%7C%7C%20Kl%C3%A4der%20till%20smekm%C3%A5naden%20%7C%7C%20EqjGyFgYxw8.en.srt:0
[   28194ms] [ERROR] Failed to load resource: the server responded with a status of 404 () @ https://raw.githubusercontent.com/trexsatya/trexsatya.github.io/gh-pages/db/language/swedish/srts/ANJO%20%7C%7C%20CHRIPPA%20LJUGER%20OM%20FAKE%20SMYCKEN!%20_PINSAMT!%20%7C%7C%20iMmnGV4FumI.en.srt:0
[   28965ms] [ERROR] Failed to load resource: the server responded with a status of 404 () @ https://raw.githubusercontent.com/trexsatya/trexsatya.github.io/gh-pages/db/language/swedish/srts/Micael%20%26%20Solange%20%7C%7C%20Profetian%20vi%20ignorerade%202004%20_%20David%20Wilkerson%20_%20Vad%20s%C3%A4ger%20A%20%7C%7C%20F8GVQL3eFp4.en.srt:0
[   29004ms] [ERROR] Failed to load resource: the server responded with a status of 404 () @ https://raw.githubusercontent.com/trexsatya/trexsatya.github.io/gh-pages/db/language/swedish/srts/Filmetablissemanget%20och%20Argamannen%20AB%20%7C%7C%20En%20politikers%20memoarer%20del%201%20-%20tv%C3%A5%20timmars%20inl%C3%A4sning%20%7C%7C%20wEqU-nQLkU4.en.srt:0
[   29083ms] [ERROR] Failed to load resource: the server responded with a status of 404 () @ https://raw.githubusercontent.com/trexsatya/trexsatya.github.io/gh-pages/db/language/swedish/srts/EFN%20Ekonomikanalen%20%7C%7C%20EFN_s%20stora%20valvaka_%2020.00-03.00%20%7C%7C%20YGcrAgfx8KA.en.srt:0
[   29752ms] [ERROR] Failed to load resource: the server responded with a status of 404 () @ https://raw.githubusercontent.com/trexsatya/trexsatya.github.io/gh-pages/db/language/swedish/srts/Sverigedemokraterna%20%7C%7C%20%C3%85tg%C3%A4rder%20f%C3%B6r%20att%20st%C3%A4rka%20s%C3%A4kerheten%20i%20skolor%20%E2%80%93%20presskonferens%20%7C%7C%205WWgdPJmuWk.en.srt:0
[   30063ms] [ERROR] Failed to load resource: the server responded with a status of 404 () @ https://raw.githubusercontent.com/trexsatya/trexsatya.github.io/gh-pages/db/language/swedish/srts/Motorn%C3%B6rd%20%7C%7C%20Kostade%201%2C2%20miljoner%20p%C3%A5%2090-talet_%20_%20Nostalgia%20Ronneby%202025%20%7C%7C%208iPTQh575H0.en.srt:0
[   30103ms] [ERROR] Failed to load resource: the server responded with a status of 404 () @ https://raw.githubusercontent.com/trexsatya/trexsatya.github.io/gh-pages/db/language/swedish/srts/Tomu%20Tv%C3%A5%20%7C%7C%20GISSA%20VEM%20SOM%20G%C3%96MMER%20SIG...%20%7C%7C%202j0rwxJ3Yrc.en.srt:0
[   30143ms] [ERROR] Failed to load resource: the server responded with a status of 404 () @ https://raw.githubusercontent.com/trexsatya/trexsatya.github.io/gh-pages/db/language/swedish/srts/IJustWantToBeCool2%20%7C%7C%20TESTAR%20SVERIGES%20SJUKASTE%20BOENDEN%20%7C%7C%20thvtTT0Bv9w.en.srt:0
[   30164ms] [ERROR] Failed to load resource: the server responded with a status of 404 () @ https://raw.githubusercontent.com/trexsatya/trexsatya.github.io/gh-pages/db/language/swedish/srts/IJustWantToBeCool2%20%7C%7C%20VEM%20G%C3%96R%20B%C3%84ST%20AMERIKANSK%20MAT%20%7C%7C%20M448DxFtjsw.en.srt:0
[   30310ms] [ERROR] Failed to load resource: net::ERR_CONNECTION_REFUSED @ http://localhost:5000/vocabulary?lang=swedish:0
[   30310ms] TypeError: Failed to fetch
    at http://localhost:8821/language/language.js:1:137197
[   31194ms] [ERROR] Failed to load resource: the server responded with a status of 404 () @ https://raw.githubusercontent.com/trexsatya/trexsatya.github.io/gh-pages/db/language/swedish/srts/EFN%20Ekonomikanalen%20%7C%7C%20Anna%20Kinberg%20Batra%20p%C3%A5%20Elefantkyrkog%C3%A5rden%2C%20och%20s%C3%A4lj%20Stockholm%20%7C%7C%20r_EpaQnK4_A.en.srt:0
[   31204ms] [ERROR] Failed to load resource: the server responded with a status of 404 () @ https://raw.githubusercontent.com/trexsatya/trexsatya.github.io/gh-pages/db/language/swedish/srts/Henrik%20J%C3%B6nsson%20%7C%7C%20D%C3%A4rf%C3%B6r%20%C3%A4r%20KLIMATM%C3%85LEN%20OM%C3%96JLIGA%20%7C%7C%20rFcnCJt1JLw.en.srt:0
[   31344ms] [ERROR] Failed to load resource: the server responded with a status of 404 () @ https://raw.githubusercontent.com/trexsatya/trexsatya.github.io/gh-pages/db/language/swedish/srts/Cluee%20News%20%7C%7C%20Chrippa%20g%C3%A5r%20loss%20p%C3%A5%20Liam%20M%20%23CLueeNews%20identitet%20hittad%20%7C%7C%20rkuKPyt-INg.en.srt:0
[   31747ms] [ERROR] Failed to load resource: the server responded with a status of 404 () @ https://raw.githubusercontent.com/trexsatya/trexsatya.github.io/gh-pages/db/language/swedish/srts/Mauri%20%7C%7C%20Jag%20f%C3%B6ljde%20med%20KAJ%20till%20Eurovision%20%7C%7C%20Z3d84TlRyRs.en.srt:0
[   31807ms] [ERROR] Failed to load resource: the server responded with a status of 404 () @ https://raw.githubusercontent.com/trexsatya/trexsatya.github.io/gh-pages/db/language/swedish/srts/Gordon%20Dewoon%20%7C%7C%20%C3%84TER%20P%C3%85%20SVERIGES%20S%C3%84MSTA%20DRIVE-THROUGHS%20%7C%7C%20CscYvmKT_Cw.en.srt:0
[   31873ms] [ERROR] Failed to load resource: the server responded with a status of 404 () @ https://raw.githubusercontent.com/trexsatya/trexsatya.github.io/gh-pages/db/language/swedish/srts/Yumi%20Tv%C3%A5%20%7C%7C%20Min%20galna%20familj%20i%20Bloxburg%20%F0%9F%98%82%20%7C%7C%20onHzou6JMqg.en.srt:0
[   32194ms] [ERROR] Failed to load resource: the server responded with a status of 404 () @ https://raw.githubusercontent.com/trexsatya/trexsatya.github.io/gh-pages/db/language/swedish/srts/Swebbtv%20%7C%7C%20Trump%20beredd%20offra%20Nato%20f%C3%B6r%20att%20f%C3%A5%20Gr%C3%B6nland%20och%20SVT%20lovar%20ko%20%7C%7C%20VeVrmTD2Rig.en.srt:0
[   32484ms] [ERROR] Failed to load resource: the server responded with a status of 404 () @ https://raw.githubusercontent.com/trexsatya/trexsatya.github.io/gh-pages/db/language/swedish/srts/DiaLogiskt%20%7C%7C%20%23173%2CJan%20Emanuel%2C%20%E2%80%9DEN%20NAGEL%20I%20%C3%96GAT!%E2%80%9D%23dialogiskt%20%7C%7C%20jvgpICgaIpo.en.srt:0
[   32495ms] [ERROR] Failed to load resource: the server responded with a status of 404 () @ https://raw.githubusercontent.com/trexsatya/trexsatya.github.io/gh-pages/db/language/swedish/srts/JLC%20%7C%7C%20MARCUS%20OCH%20ILONA%20L%C3%84MNAR.%20REAGERAR%20P%C3%85%20GOOD%20LUCK%20GUYS.%20%7C%7C%20RF-ZoCfPAPA.en.srt:0
[   32687ms] [ERROR] Failed to load resource: the server responded with a status of 404 () @ https://raw.githubusercontent.com/trexsatya/trexsatya.github.io/gh-pages/db/language/swedish/srts/Motorn%C3%B6rd%20%7C%7C%20En%20balans%20mellan%20samlare%20och%20handlare%20%7C%7C%20ruYx5t7162s.en.srt:0
[   32874ms] [ERROR] Failed to load resource: the server responded with a status of 404 () @ https://raw.githubusercontent.com/trexsatya/trexsatya.github.io/gh-pages/db/language/swedish/srts/kanalgratisdotse%20%7C%7C%20FISHING%20STORE%20CHALLENGE%20%F0%9F%8E%A3%20What%20do%20we%20get%20for%201500%20sek%20at%20Up%20%7C%7C%20qZ0pnZ2OlVI.en.srt:0
[   33053ms] [ERROR] Failed to load resource: the server responded with a status of 404 () @ https://raw.githubusercontent.com/trexsatya/trexsatya.github.io/gh-pages/db/language/swedish/srts/ArgaSk%C3%A5nskaM%C3%A4n%20_%20Tim%20%26%20Danny%20%7C%7C%20Nya%20Moza-ratten%20testas%20i%20Farming%20Simulator%2022%20_%20Powered%20by%20C%20%7C%7C%20dN9aVg7mG4Y.en.srt:0
[   33753ms] [ERROR] Failed to load resource: the server responded with a status of 404 () @ https://raw.githubusercontent.com/trexsatya/trexsatya.github.io/gh-pages/db/language/swedish/srts/F%C3%B6rsvarsmakten%20%7C%7C%20F%C3%B6rsvarsmakten%20inifr%C3%A5n%20%2310%20%E2%80%93%20Strid%20med%20dr%C3%B6nare%20%7C%7C%2011NkX5XjNLc.en.srt:0
[   33894ms] [ERROR] Failed to load resource: the server responded with a status of 404 () @ https://raw.githubusercontent.com/trexsatya/trexsatya.github.io/gh-pages/db/language/swedish/srts/Sverigedemokraterna%20%7C%7C%20Jimmie%20%C3%85kessons%20tal%20p%C3%A5%20Landsdagarna%202023%20%7C%7C%20Awn_S2ytNvw.en.srt:0
[   34068ms] [ERROR] Failed to load resource: the server responded with a status of 404 () @ https://raw.githubusercontent.com/trexsatya/trexsatya.github.io/gh-pages/db/language/swedish/srts/Motorn%C3%B6rd%20%7C%7C%20Avst%C3%A4lld%201939%20med%20278%20mil%20p%C3%A5%20m%C3%A4taren%20%7C%7C%20e6I3Gd3y_g8.en.srt:0
[   34296ms] [ERROR] Failed to load resource: the server responded with a status of 404 () @ https://raw.githubusercontent.com/trexsatya/trexsatya.github.io/gh-pages/db/language/swedish/srts/Let's%20Feast%20%7C%7C%20Farsan%20krossade%20t%C3%A5n%20-%20Renoverar%20nya%20huset%20%7C%7C%20Ius4FBr6C0U.en.srt:0
[   34684ms] [ERROR] Failed to load resource: the server responded with a status of 404 () @ https://raw.githubusercontent.com/trexsatya/trexsatya.github.io/gh-pages/db/language/swedish/srts/MonteFjanton%20%7C%7C%20Felix%20Recenserar%20-%20Ligg%20med%20mig%20%7C%7C%20gbqM_kg5yUg.en.srt:0
[   34930ms] [ERROR] Failed to load resource: the server responded with a status of 404 () @ https://raw.githubusercontent.com/trexsatya/trexsatya.github.io/gh-pages/db/language/swedish/srts/RASK%20%7C%7C%20JOCKES%20SOCPAPPER%20DEL%203!%20%7C%7C%20IcwhAUMmwkk.en.srt:0
[   35311ms] [ERROR] Failed to load resource: net::ERR_CONNECTION_REFUSED @ http://localhost:5000/vocabulary?lang=swedish:0
[   35312ms] TypeError: Failed to fetch
    at http://localhost:8821/language/language.js:1:137197
[   35435ms] [ERROR] Failed to load resource: the server responded with a status of 404 () @ https://raw.githubusercontent.com/trexsatya/trexsatya.github.io/gh-pages/db/language/swedish/srts/EFN%20Ekonomikanalen%20%7C%7C%20%C3%84r%20Kina%20p%C3%A5%20v%C3%A4g%20att%20bli%20nya%20Japan%20%7C%7C%20XOyT9alH5BE.en.srt:0
[   35465ms] [ERROR] Failed to load resource: the server responded with a status of 404 () @ https://raw.githubusercontent.com/trexsatya/trexsatya.github.io/gh-pages/db/language/swedish/srts/Aron%20Flam%20%7C%7C%20Johan%20Westerholm%20om%20Israel%20Vs%20Iran%20%7C%7C%20ry3LE9Rd--c.en.srt:0
[   36125ms] [ERROR] Failed to load resource: the server responded with a status of 404 () @ https://raw.githubusercontent.com/trexsatya/trexsatya.github.io/gh-pages/db/language/swedish/srts/Henrik%20J%C3%B6nsson%20%7C%7C%20POLITIKER%20skapade%20Sveriges%20V%C3%85LDSKRIS%20%7C%7C%20AaQ8Z2eQbqE.en.srt:0
[   36244ms] [ERROR] Failed to load resource: the server responded with a status of 404 () @ https://raw.githubusercontent.com/trexsatya/trexsatya.github.io/gh-pages/db/language/swedish/srts/kanalgratisdotse%20%7C%7C%2024H%20ARTJAKT%20VID%20HAVET%20%E2%80%93%20HUR%20M%C3%85NGA%20ARTER%20F%C3%85NGAR%20VI_!%20%F0%9F%8E%A3%20%7C%7C%20Mp7_tDlQXdk.en.srt:0
[   36295ms] [ERROR] Failed to load resource: the server responded with a status of 404 () @ https://raw.githubusercontent.com/trexsatya/trexsatya.github.io/gh-pages/db/language/swedish/srts/JLC%20%7C%7C%20DET%20SP%C3%85RAR%20UR!%20REAGERAR%20P%C3%85%20NYA%20F%C3%96RR%C3%84DARNA.%20%7C%7C%20YDRHyQM2o54.en.srt:0
[   36604ms] [ERROR] Failed to load resource: the server responded with a status of 404 () @ https://raw.githubusercontent.com/trexsatya/trexsatya.github.io/gh-pages/db/language/swedish/srts/Alexander%20P%C3%A4rleros%20%7C%7C%20S%C3%A5%20h%C3%A5ller%20vi%20Sverige%20s%C3%A4kert%20(f.d.%20%C3%96verbef%C3%A4lhavaren)%20-%20Micael%20%7C%7C%20-AGLwsT-Nvg.en.srt:0
[   36723ms] [ERROR] Failed to load resource: the server responded with a status of 404 () @ https://raw.githubusercontent.com/trexsatya/trexsatya.github.io/gh-pages/db/language/swedish/srts/Let's%20Feast%20%7C%7C%20M%C3%B6gel%20i%20garaget%20%26%20L%C3%A4gger%20klinkers%20sj%C3%A4lva%20-%20Renoverar%20nya%20hus%20%7C%7C%206F4bFuuqWb4.en.srt:0
[   37533ms] [ERROR] Failed to load resource: the server responded with a status of 404 () @ https://raw.githubusercontent.com/trexsatya/trexsatya.github.io/gh-pages/db/language/swedish/srts/Motorn%C3%B6rd%20%7C%7C%20%E2%80%9CLite%20fel%20f%C3%A5r%20det%20alltid%20bli%E2%80%A6%20men%20startar%20den_!%E2%80%9D%20_%20ELMIA%20202%20%7C%7C%209BMdQYBVqFs.en.srt:0
[   38093ms] [ERROR] Failed to load resource: the server responded with a status of 404 () @ https://raw.githubusercontent.com/trexsatya/trexsatya.github.io/gh-pages/db/language/swedish/srts/DANJAL%20%7C%7C%20Song%20contest%20%7C%7C%20eVraMmJ2Yj4.en.srt:0
[   39564ms] [ERROR] Failed to load resource: the server responded with a status of 404 () @ https://raw.githubusercontent.com/trexsatya/trexsatya.github.io/gh-pages/db/language/swedish/srts/Hairtalkbyemelie%20%7C%7C%20I%20BADRUMSSK%C3%85PET%20MED%20KLARA%20HAMMARSTR%C3%96M%20%7C%7C%207jtDoit_7_w.en.srt:0
[   39673ms] [ERROR] Failed to load resource: the server responded with a status of 404 () @ https://raw.githubusercontent.com/trexsatya/trexsatya.github.io/gh-pages/db/language/swedish/srts/SVT%20Humor%20%7C%7C%20Svenska%20nyheter%20om%20invasiva%20arter%20%7C%7C%20a6byxDyvE2w.en.srt:0
[   39863ms] [ERROR] Failed to load resource: the server responded with a status of 404 () @ https://raw.githubusercontent.com/trexsatya/trexsatya.github.io/gh-pages/db/language/swedish/srts/JLC%20%7C%7C%20HALV%208%20HOS%20LUCAS.%20CAMPINGEDITION!%20%7C%7C%20049szUCBVjg.en.srt:0
[   39913ms] [ERROR] Failed to load resource: the server responded with a status of 404 () @ https://raw.githubusercontent.com/trexsatya/trexsatya.github.io/gh-pages/db/language/swedish/srts/Motorn%C3%B6rd%20%7C%7C%20Det%20h%C3%A4r%20kommer%20jag%20%C3%A5ka%20p%C3%A5%20s%C3%A5%20l%C3%A4nge%20jag%20lever_%20_%20Speed%20Weeken%20%7C%7C%20Y_Ap6SINVUQ.en.srt:0
[   40310ms] [ERROR] Failed to load resource: net::ERR_CONNECTION_REFUSED @ http://localhost:5000/vocabulary?lang=swedish:0
[   40310ms] TypeError: Failed to fetch
    at http://localhost:8821/language/language.js:1:137197
[   40394ms] [ERROR] Failed to load resource: the server responded with a status of 404 () @ https://raw.githubusercontent.com/trexsatya/trexsatya.github.io/gh-pages/db/language/swedish/srts/JLC%20%7C%7C%20DET%20BLIR%20KAOS%20DIREKT.%20REAGERAR%20P%C3%85%20NYA%20LOVE%20ISLAND.%20%7C%7C%20UBv9yGwoimE.en.srt:0
[   40914ms] [ERROR] Failed to load resource: the server responded with a status of 404 () @ https://raw.githubusercontent.com/trexsatya/trexsatya.github.io/gh-pages/db/language/swedish/srts/Henrik%20J%C3%B6nsson%20%7C%7C%20IRAN%20%26%20V%C3%84NSTERN%20-%20Varf%C3%B6r%20st%C3%A5r%20v%C3%A4nstern%20ALLTID%20p%C3%A5%20f%C3%B6rtryckarn%20%7C%7C%20AvfyYPbX8Es.en.srt:0
[   40943ms] [ERROR] Failed to load resource: the server responded with a status of 404 () @ https://raw.githubusercontent.com/trexsatya/trexsatya.github.io/gh-pages/db/language/swedish/srts/Bing%20Svenska%20-%20Officiella%20Kanalen%20%7C%7C%20Bing%20Svenska%20_%20%E2%AD%90%20Bing%20B%C3%A4sta%20Avsnitt%20%E2%AD%90%20_%2020%20x%20Hela%20Avsnitt%20%7C%7C%20-KjcGjbj_do.en.srt:0
[   41213ms] [ERROR] Failed to load resource: the server responded with a status of 404 () @ https://raw.githubusercontent.com/trexsatya/trexsatya.github.io/gh-pages/db/language/swedish/srts/Familjen%20Lundell%20%7C%7C%20SVERIGES%20SJUKASTE%20%C3%84VENTYRSPARK%20%7C%7C%209zpVn_vd2eU.en.srt:0
[   41263ms] [ERROR] Failed to load resource: the server responded with a status of 404 () @ https://raw.githubusercontent.com/trexsatya/trexsatya.github.io/gh-pages/db/language/swedish/srts/Bing%20Svenska%20-%20Officiella%20Kanalen%20%7C%7C%2010%20x%20Hela%20Avsnitt%20_%20%E2%AD%90%20Bing%20B%C3%A4sta%20Avsnitt%20%E2%AD%90%20_%20Bing%20Svenska%20%7C%7C%20HajJhLkF_AY.en.srt:0
[   41623ms] [ERROR] Failed to load resource: the server responded with a status of 404 () @ https://raw.githubusercontent.com/trexsatya/trexsatya.github.io/gh-pages/db/language/swedish/srts/Tanbyklara%20%7C%7C%20HITTADE%20VI%20PRECIS%20DR%C3%96MHUSET%20%7C%7C%20_yX-beqZ0Sk.en.srt:0
[   41843ms] [ERROR] Failed to load resource: the server responded with a status of 404 () @ https://raw.githubusercontent.com/trexsatya/trexsatya.github.io/gh-pages/db/language/swedish/srts/Alexander%20P%C3%A4rleros%20%7C%7C%20Han%20ska%20FRYSA%20ner%20sitt%20eget%20huvud%20-%20Anders%20Sandberg%20%7C%7C%20rKgpf31HgXQ.en.srt:0
[   41954ms] [ERROR] Failed to load resource: the server responded with a status of 404 () @ https://raw.githubusercontent.com/trexsatya/trexsatya.github.io/gh-pages/db/language/swedish/srts/Sportbladet%20%7C%7C%20G%C3%A5r%20p%C3%A5%20River%20Plate-match_%20_Vem%20fan%20kan%20st%C3%A5%20emot%20%7C%7C%20rgce2E-uQhA.en.srt:0
[   41973ms] [ERROR] Failed to load resource: the server responded with a status of 404 () @ https://raw.githubusercontent.com/trexsatya/trexsatya.github.io/gh-pages/db/language/swedish/srts/TeamOdiffat%20%7C%7C%20VI%20KONFRONTERAR%20BILTJUVAR%20%7C%7C%20o2yKcplHt_g.en.srt:0
[   42125ms] [ERROR] Failed to load resource: the server responded with a status of 404 () @ https://raw.githubusercontent.com/trexsatya/trexsatya.github.io/gh-pages/db/language/swedish/srts/Ljudbok%20Klubb%20%7C%7C%20GOLDFINGER%20_%20JAMES%20BOND%20007%20ljudbok%20p%C3%A5%20svenska%20%7C%7C%20a5chHdc5CAQ.en.srt:0
[   42318ms] [ERROR] Failed to load resource: the server responded with a status of 404 () @ https://raw.githubusercontent.com/trexsatya/trexsatya.github.io/gh-pages/db/language/swedish/srts/Henrik%20J%C3%B6nsson%20%7C%7C%20SOCIALDEMOKRATISK%20KORRUPTION%20%7C%7C%20hDUC6W91G1k.en.srt:0
[   42333ms] [ERROR] Failed to load resource: the server responded with a status of 404 () @ https://raw.githubusercontent.com/trexsatya/trexsatya.github.io/gh-pages/db/language/swedish/srts/De%20Fria%20%7C%7C%20N%C3%A4r%20Du%20F%C3%A5r%20Ov%C3%A4ntat%20Bes%C3%B6k%20-%20Conny%20Grewe%20Carl%20Norberg%202024-09-%20%7C%7C%20xjyIwAFSmWQ.en.srt:0
[   42884ms] [ERROR] Failed to load resource: the server responded with a status of 404 () @ https://raw.githubusercontent.com/trexsatya/trexsatya.github.io/gh-pages/db/language/swedish/srts/Familjen%20Lundell%20%7C%7C%20JOCKE%20TESTAR%20ATT%20VARA%20GRAVID%20%7C%7C%20JQ9RK3UPwwQ.en.srt:0
[   43027ms] [ERROR] Failed to load resource: the server responded with a status of 404 () @ https://raw.githubusercontent.com/trexsatya/trexsatya.github.io/gh-pages/db/language/swedish/srts/SVT%20Humor%20%7C%7C%20Det%20f%C3%B6ds%20f%C3%A4rre%20och%20f%C3%A4rre%20barn%20i%20Sverige%20%E2%80%93%20Svenska%20nyheter%20(S%20%7C%7C%20lYEWs2NMEd8.en.srt:0
[   43163ms] [ERROR] Failed to load resource: the server responded with a status of 404 () @ https://raw.githubusercontent.com/trexsatya/trexsatya.github.io/gh-pages/db/language/swedish/srts/Familjen%20Mitkus%20%7C%7C%20VI%20BES%C3%96KER%20FAMILJEN%20TORSG%C3%85RDEN%20%7C%7C%20LBckh-2gSnA.en.srt:0
[   43548ms] [ERROR] Failed to load resource: the server responded with a status of 404 () @ https://raw.githubusercontent.com/trexsatya/trexsatya.github.io/gh-pages/db/language/swedish/srts/Kanal%205%20Sverige%20%7C%7C%20Katastrofal%20bilkrasch%20leder%20till%20total%20trafikstopp%20och%20flera%20%7C%7C%20C6KGAavr0RM.en.srt:0
[   43572ms] [ERROR] Failed to load resource: the server responded with a status of 404 () @ https://raw.githubusercontent.com/trexsatya/trexsatya.github.io/gh-pages/db/language/swedish/srts/Rosa%20Mannen%20%7C%7C%20F%C3%B6rra%20%C3%85rets%20Snacka%20Om%20Nyheter%20(SVT%202003-01-06)%20%7C%7C%20t_63FGElchA.en.srt:0
[   43674ms] [ERROR] Failed to load resource: the server responded with a status of 404 () @ https://raw.githubusercontent.com/trexsatya/trexsatya.github.io/gh-pages/db/language/swedish/srts/Henrik%20J%C3%B6nsson%20%7C%7C%20V%C3%84NSTERNS%20JUDEHAT%20%7C%7C%200daU0s6WlGM.en.srt:0
[   43933ms] [ERROR] Failed to load resource: the server responded with a status of 404 () @ https://raw.githubusercontent.com/trexsatya/trexsatya.github.io/gh-pages/db/language/swedish/srts/Cornelia%20unfiltered%20official%20%7C%7C%20Live%20-%20Cornelia%20%26%20G.%20Strand%20%2371%202%20mars%202025%20%7C%7C%20YEr3eeJ7iYI.en.srt:0
[   44197ms] [ERROR] Failed to load resource: the server responded with a status of 404 () @ https://raw.githubusercontent.com/trexsatya/trexsatya.github.io/gh-pages/db/language/swedish/srts/SwebbTV2%20%7C%7C%20Professor%20Claes%20G.%20Ryn%20-%20Man%20m%C3%A5ste%20t%C3%A4mja%20den%20l%C3%A4gre%20sidan%20hos%20%7C%7C%20vvlbxxVquk8.en.srt:0
[   44605ms] [ERROR] Failed to load resource: the server responded with a status of 404 () @ https://raw.githubusercontent.com/trexsatya/trexsatya.github.io/gh-pages/db/language/swedish/srts/SVT%20Humor%20%7C%7C%20Svenska%20nyheter%20%E2%80%93%20Kryptogruvor%20%7C%7C%20Ab3XhaL9EKc.en.srt:0
[   45223ms] [ERROR] Failed to load resource: the server responded with a status of 404 () @ https://raw.githubusercontent.com/trexsatya/trexsatya.github.io/gh-pages/db/language/swedish/srts/Alexander%20P%C3%A4rleros%20%7C%7C%20Om%20olyckan%20som%20f%C3%B6r%C3%A4ndrade%20allt%20-%20Malou%20von%20Sivers%20%7C%7C%20zqVO_r4GAMY.en.srt:0
[   45303ms] [ERROR] Failed to load resource: the server responded with a status of 404 () @ https://raw.githubusercontent.com/trexsatya/trexsatya.github.io/gh-pages/db/language/swedish/srts/Kid%20e%20Tales%20-%20Svenska%20%7C%7C%20Stadens%20Hj%C3%A4ltar%20-%20Samling%2002%20-%20L%C3%A5ng%20speltid%20-%204%20avsnitt%20efte%20%7C%7C%20L5WNZbWmV6I.en.srt:0
[   45310ms] [ERROR] Failed to load resource: net::ERR_CONNECTION_REFUSED @ http://localhost:5000/vocabulary?lang=swedish:0
[   45310ms] TypeError: Failed to fetch
    at http://localhost:8821/language/language.js:1:137197
[   45394ms] [ERROR] Failed to load resource: the server responded with a status of 404 () @ https://raw.githubusercontent.com/trexsatya/trexsatya.github.io/gh-pages/db/language/swedish/srts/ArgaSk%C3%A5nskaM%C3%A4n%20_%20Tim%20%26%20Danny%20%7C%7C%20Helt%20om%C3%B6jligt%20att%20avg%C3%B6ra%20vem%20som%20%C3%A4r%20NPC%20i%20MIMESIS%20_%20Powered%20%7C%7C%20-pf_-MypoqQ.en.srt:0
[   45644ms] [ERROR] Failed to load resource: the server responded with a status of 404 () @ https://raw.githubusercontent.com/trexsatya/trexsatya.github.io/gh-pages/db/language/swedish/srts/Sejdeborns%20%7C%7C%20SVERIGE%20-%20SAHARA%20p%C3%A5%20en%20gammal%20Biltema-tandem%20_%20Ep%202%20%7C%7C%201S2lwEuSSWY.en.srt:0
[   45855ms] [ERROR] Failed to load resource: the server responded with a status of 404 () @ https://raw.githubusercontent.com/trexsatya/trexsatya.github.io/gh-pages/db/language/swedish/srts/Kanal%205%20Sverige%20%7C%7C%20Ledaren%20av%20Maskeradligan%20f%C3%A5ngas%20med%20narkotika%20i%20bilen!%20_%20F%C3%A5n%20%7C%7C%20cJefz5z1QNo.en.srt:0
[   46064ms] [ERROR] Failed to load resource: the server responded with a status of 404 () @ https://raw.githubusercontent.com/trexsatya/trexsatya.github.io/gh-pages/db/language/swedish/srts/Lustiga%20Tankar%20%7C%7C%20Svensken%20som%20%C3%B6verlevde%20v%C3%A4rsta%20F%C3%84NGELSET%20i%20brazilien%20%7C%7C%20pTCwq6W9w_c.en.srt:0
[   46873ms] [ERROR] Failed to load resource: the server responded with a status of 404 () @ https://raw.githubusercontent.com/trexsatya/trexsatya.github.io/gh-pages/db/language/swedish/srts/Tomu%20%7C%7C%20N%C3%85GON%20STAL%20MINA%20JULKLAPPAR%20(Tomus%20B%C3%A4sta%20Julvideos)%20%7C%7C%20MmLo46CkK2Q.en.srt:0
[   47063ms] [ERROR] Failed to load resource: the server responded with a status of 404 () @ https://raw.githubusercontent.com/trexsatya/trexsatya.github.io/gh-pages/db/language/swedish/srts/Prime%20Video%20Sverige%20%7C%7C%20De%20mest%20OF%C3%96RGL%C3%96MLIGA%20stunderna%20fr%C3%A5n%20LOL%20och%20Roast%20in%20the%20Coa%20%7C%7C%20NHaXpHl44iY.en.srt:0
[   47453ms] [ERROR] Failed to load resource: the server responded with a status of 404 () @ https://raw.githubusercontent.com/trexsatya/trexsatya.github.io/gh-pages/db/language/swedish/srts/kanalgratisdotse%20%7C%7C%20Utforskar%20en%20NY%20%C3%A5%20%E2%80%93%20Det%20sm%C3%A4ller%20p%C3%A5%20ENORM%20G%C3%84DDA!%20%7C%7C%204us2NjVuTvU.en.srt:0
[   47716ms] [ERROR] Failed to load resource: the server responded with a status of 404 () @ https://raw.githubusercontent.com/trexsatya/trexsatya.github.io/gh-pages/db/language/swedish/srts/Aftonbladet%20%7C%7C%20Krigsrapporten%2015%20mars_%20Exilryssar%20strider%20f%C3%B6r%20Ukraina%20%E2%80%93%20i%20R%20%7C%7C%200h7P5LWn3oA.en.srt:0
[   48116ms] [ERROR] Failed to load resource: the server responded with a status of 404 () @ https://raw.githubusercontent.com/trexsatya/trexsatya.github.io/gh-pages/db/language/swedish/srts/Simon%20Lussetti%20%7C%7C%20B%C3%B6das%20Dumaste%20Hobby!%20_%20Reagerar%20P%C3%A5%20B%C3%B6da%20Camping%20%7C%7C%208jS8iwQ9UPE.en.srt:0
[   48157ms] [ERROR] Failed to load resource: the server responded with a status of 404 () @ https://raw.githubusercontent.com/trexsatya/trexsatya.github.io/gh-pages/db/language/swedish/srts/Henrik%20J%C3%B6nsson%20%7C%7C%20LIBERALERNAS%20D%C3%96D%20-%20V%C3%A4nsterns%20SD-raseri%20handlar%20bara%20om%20makt%20%7C%7C%20gy2Ps05tR0M.en.srt:0
